fixture: http://127.0.0.1:53114/product/prd-bench
device: mobile   reps: 5   variants: baseline, combine-scroll-count, combine-waitfor, combine-tail, install-helpers, combines-all, exists-shortcircuit, native-count, monitor, tall-viewport, viewport-2000, viewport-10000, viewport-taller-than-page, step-20ms, step-raf, idle-tight, poll-60ms, shared-context, images-off, stub-off, no-prune-css, no-flatten-shadow, no-minify-css, no-remove-attrs, noindex-bail, tall-plus-raf, best-of, reduced-motion

rep 1/5 baseline               wall   7466ms  cpu   2390ms  task  1529ms  eval  15  cdp  435  reviews 461
rep 1/5 combine-scroll-count   wall   9761ms  cpu   2910ms  task  1871ms  eval  13  cdp  433  reviews 461
rep 1/5 combine-waitfor        wall   7453ms  cpu   2520ms  task  1650ms  eval  14  cdp  434  reviews 461
rep 1/5 combine-tail           wall   7475ms  cpu   2620ms  task  1723ms  eval  14  cdp  435  reviews 461
rep 1/5 install-helpers        wall   7462ms  cpu   2650ms  task  1754ms  eval  15  cdp  436  reviews 461
rep 1/5 combines-all           wall   7453ms  cpu   2510ms  task  1646ms  eval  13  cdp  434  reviews 461
rep 1/5 exists-shortcircuit    wall   7467ms  cpu   2450ms  task  1569ms  eval  15  cdp  435  reviews 461
rep 1/5 native-count           wall   7461ms  cpu   2510ms  task  1663ms  eval  15  cdp  436  reviews 461
rep 1/5 monitor                wall   7478ms  cpu   2640ms  task  1733ms  eval  15  cdp  436  reviews 461
rep 1/5 tall-viewport          wall   3399ms  cpu   1560ms  task   877ms  eval  15  cdp  435  reviews 461
rep 1/5 viewport-2000          wall   4674ms  cpu   1820ms  task   992ms  eval  15  cdp  435  reviews 461
rep 1/5 viewport-10000         wall   2969ms  cpu   1690ms  task   877ms  eval  15  cdp  435  reviews 461
rep 1/5 viewport-taller-than-page wall   2762ms  cpu   1810ms  task   823ms  eval  15  cdp  435  reviews 461
rep 1/5 step-20ms              wall   4161ms  cpu   1940ms  task  1127ms  eval  15  cdp  435  reviews 461
rep 1/5 step-raf               wall   3138ms  cpu   1630ms  task   989ms  eval  15  cdp  435  reviews 461
rep 1/5 idle-tight             wall   6548ms  cpu   2510ms  task  1604ms  eval  15  cdp  435  reviews 461
rep 1/5 poll-60ms              wall   7451ms  cpu   2550ms  task  1669ms  eval  15  cdp  435  reviews 461
rep 1/5 shared-context         wall   7436ms  cpu   2420ms  task  1555ms  eval  15  cdp  432  reviews 461
rep 1/5 images-off             wall   7417ms  cpu   2290ms  task  1610ms  eval  15  cdp   50  reviews 461
rep 1/5 stub-off               wall   7434ms  cpu   2510ms  task  1669ms  eval  15  cdp  435  reviews 461
rep 1/5 no-prune-css           wall   7294ms  cpu   2390ms  task  1518ms  eval  15  cdp  435  reviews 461
rep 1/5 no-flatten-shadow      wall   7363ms  cpu   2400ms  task  1562ms  eval  15  cdp  435  reviews 461
rep 1/5 no-minify-css          wall   7456ms  cpu   2390ms  task  1544ms  eval  15  cdp  435  reviews 461
rep 1/5 no-remove-attrs        wall   7446ms  cpu   2520ms  task  1636ms  eval  15  cdp  435  reviews 461
rep 1/5 noindex-bail           wall   7445ms  cpu   2460ms  task  1606ms  eval  15  cdp  435  reviews 461
rep 1/5 tall-plus-raf          wall   2673ms  cpu   1550ms  task   770ms  eval  15  cdp  435  reviews 461
rep 1/5 best-of                wall   1733ms  cpu   1170ms  task   673ms  eval  14  cdp  434  reviews 461
rep 1/5 reduced-motion         wall   7440ms  cpu   2570ms  task  1677ms  eval  15  cdp  436  reviews 461
rep 2/5 baseline               wall   7444ms  cpu   2610ms  task  1726ms  eval  15  cdp  435  reviews 461
rep 2/5 combine-scroll-count   wall   9755ms  cpu   3260ms  task  2152ms  eval  13  cdp  433  reviews 461
rep 2/5 combine-waitfor        wall   7434ms  cpu   2450ms  task  1580ms  eval  14  cdp  434  reviews 461
rep 2/5 combine-tail           wall   7470ms  cpu   2560ms  task  1664ms  eval  14  cdp  435  reviews 461
rep 2/5 install-helpers        wall   7464ms  cpu   2640ms  task  1753ms  eval  15  cdp  436  reviews 461
rep 2/5 combines-all           wall   7474ms  cpu   2670ms  task  1754ms  eval  13  cdp  434  reviews 461
rep 2/5 exists-shortcircuit    wall   7456ms  cpu   2610ms  task  1693ms  eval  15  cdp  435  reviews 461
rep 2/5 native-count           wall   7461ms  cpu   2660ms  task  1771ms  eval  15  cdp  436  reviews 461
rep 2/5 monitor                wall   7447ms  cpu   2490ms  task  1632ms  eval  15  cdp  436  reviews 461
rep 2/5 tall-viewport          wall   3364ms  cpu   1540ms  task   866ms  eval  15  cdp  435  reviews 461
rep 2/5 viewport-2000          wall   4672ms  cpu   1830ms  task  1022ms  eval  15  cdp  435  reviews 461
rep 2/5 viewport-10000         wall   2953ms  cpu   1740ms  task   881ms  eval  15  cdp  435  reviews 461
rep 2/5 viewport-taller-than-page wall   2759ms  cpu   1760ms  task   812ms  eval  15  cdp  435  reviews 461
rep 2/5 step-20ms              wall   4164ms  cpu   1940ms  task  1154ms  eval  15  cdp  435  reviews 461
rep 2/5 step-raf               wall   3143ms  cpu   1580ms  task   966ms  eval  15  cdp  435  reviews 461
rep 2/5 idle-tight             wall   6551ms  cpu   2500ms  task  1612ms  eval  15  cdp  435  reviews 461
rep 2/5 poll-60ms              wall   7441ms  cpu   2610ms  task  1691ms  eval  15  cdp  435  reviews 461
rep 2/5 shared-context         wall   7476ms  cpu   2560ms  task  1670ms  eval  15  cdp  432  reviews 461
rep 2/5 images-off             wall   7371ms  cpu   2170ms  task  1495ms  eval  15  cdp   50  reviews 461
rep 2/5 stub-off               wall   7420ms  cpu   2440ms  task  1593ms  eval  15  cdp  435  reviews 461
rep 2/5 no-prune-css           wall   7301ms  cpu   2400ms  task  1531ms  eval  15  cdp  435  reviews 461
rep 2/5 no-flatten-shadow      wall   7356ms  cpu   2450ms  task  1549ms  eval  15  cdp  435  reviews 461
rep 2/5 no-minify-css          wall   7440ms  cpu   2570ms  task  1682ms  eval  15  cdp  435  reviews 461
rep 2/5 no-remove-attrs        wall   7453ms  cpu   2550ms  task  1686ms  eval  15  cdp  435  reviews 461
rep 2/5 noindex-bail           wall   7442ms  cpu   2450ms  task  1584ms  eval  15  cdp  435  reviews 461
rep 2/5 tall-plus-raf          wall   2699ms  cpu   1560ms  task   799ms  eval  15  cdp  435  reviews 461
rep 2/5 best-of                wall   1762ms  cpu   1150ms  task   654ms  eval  14  cdp  434  reviews 461
rep 2/5 reduced-motion         wall   7451ms  cpu   2610ms  task  1690ms  eval  15  cdp  436  reviews 461
rep 3/5 baseline               wall   7441ms  cpu   2490ms  task  1610ms  eval  15  cdp  435  reviews 461
rep 3/5 combine-scroll-count   wall   9747ms  cpu   2930ms  task  1923ms  eval  13  cdp  433  reviews 461
rep 3/5 combine-waitfor        wall   7449ms  cpu   2550ms  task  1656ms  eval  14  cdp  434  reviews 461
rep 3/5 combine-tail           wall   7441ms  cpu   2570ms  task  1700ms  eval  14  cdp  435  reviews 461
rep 3/5 install-helpers        wall   7465ms  cpu   2570ms  task  1674ms  eval  15  cdp  436  reviews 461
rep 3/5 combines-all           wall   7463ms  cpu   2500ms  task  1609ms  eval  13  cdp  434  reviews 461
rep 3/5 exists-shortcircuit    wall   7437ms  cpu   2510ms  task  1630ms  eval  15  cdp  435  reviews 461
rep 3/5 native-count           wall   7460ms  cpu   2510ms  task  1662ms  eval  15  cdp  436  reviews 461
rep 3/5 monitor                wall   7455ms  cpu   2460ms  task  1618ms  eval  15  cdp  436  reviews 461
rep 3/5 tall-viewport          wall   3383ms  cpu   1590ms  task   889ms  eval  15  cdp  435  reviews 461
rep 3/5 viewport-2000          wall   4690ms  cpu   1910ms  task  1081ms  eval  15  cdp  435  reviews 461
rep 3/5 viewport-10000         wall   2939ms  cpu   1710ms  task   845ms  eval  15  cdp  435  reviews 461
rep 3/5 viewport-taller-than-page wall   2772ms  cpu   1770ms  task   802ms  eval  15  cdp  435  reviews 461
rep 3/5 step-20ms              wall   4160ms  cpu   1880ms  task  1126ms  eval  15  cdp  435  reviews 461
rep 3/5 step-raf               wall   3104ms  cpu   1540ms  task   923ms  eval  15  cdp  435  reviews 461
rep 3/5 idle-tight             wall   6551ms  cpu   2430ms  task  1571ms  eval  15  cdp  435  reviews 461
rep 3/5 poll-60ms              wall   7434ms  cpu   2450ms  task  1589ms  eval  15  cdp  435  reviews 461
rep 3/5 shared-context         wall   7456ms  cpu   2580ms  task  1668ms  eval  15  cdp  432  reviews 461
rep 3/5 images-off             wall   7393ms  cpu   2300ms  task  1574ms  eval  15  cdp   50  reviews 461
rep 3/5 stub-off               wall   7424ms  cpu   2310ms  task  1510ms  eval  15  cdp  435  reviews 461
rep 3/5 no-prune-css           wall   7289ms  cpu   2170ms  task  1334ms  eval  15  cdp  435  reviews 461
rep 3/5 no-flatten-shadow      wall   7336ms  cpu   2250ms  task  1408ms  eval  15  cdp  435  reviews 461
rep 3/5 no-minify-css          wall   7451ms  cpu   2530ms  task  1636ms  eval  15  cdp  435  reviews 461
rep 3/5 no-remove-attrs        wall   7450ms  cpu   2580ms  task  1691ms  eval  15  cdp  435  reviews 461
rep 3/5 noindex-bail           wall   7435ms  cpu   2570ms  task  1702ms  eval  15  cdp  435  reviews 461
rep 3/5 tall-plus-raf          wall   2669ms  cpu   1560ms  task   792ms  eval  15  cdp  435  reviews 461
rep 3/5 best-of                wall   1720ms  cpu   1170ms  task   654ms  eval  14  cdp  434  reviews 461
rep 3/5 reduced-motion         wall   7453ms  cpu   2580ms  task  1686ms  eval  15  cdp  436  reviews 461
rep 4/5 baseline               wall   7450ms  cpu   2660ms  task  1723ms  eval  15  cdp  435  reviews 461
rep 4/5 combine-scroll-count   wall   9754ms  cpu   3270ms  task  2191ms  eval  13  cdp  433  reviews 461
rep 4/5 combine-waitfor        wall   7438ms  cpu   2630ms  task  1719ms  eval  14  cdp  434  reviews 461
rep 4/5 combine-tail           wall   7461ms  cpu   2690ms  task  1783ms  eval  14  cdp  435  reviews 461
rep 4/5 install-helpers        wall   7459ms  cpu   2630ms  task  1716ms  eval  15  cdp  436  reviews 461
rep 4/5 combines-all           wall   7451ms  cpu   2680ms  task  1765ms  eval  13  cdp  434  reviews 461
rep 4/5 exists-shortcircuit    wall   7451ms  cpu   2650ms  task  1708ms  eval  15  cdp  435  reviews 461
rep 4/5 native-count           wall   7439ms  cpu   2550ms  task  1653ms  eval  15  cdp  436  reviews 461
rep 4/5 monitor                wall   7428ms  cpu   2520ms  task  1654ms  eval  15  cdp  436  reviews 461
rep 4/5 tall-viewport          wall   3381ms  cpu   1650ms  task   948ms  eval  15  cdp  435  reviews 461
rep 4/5 viewport-2000          wall   4675ms  cpu   1910ms  task  1069ms  eval  15  cdp  435  reviews 461
rep 4/5 viewport-10000         wall   2963ms  cpu   1750ms  task   883ms  eval  15  cdp  435  reviews 461
rep 4/5 viewport-taller-than-page wall   2760ms  cpu   1750ms  task   785ms  eval  15  cdp  435  reviews 461
rep 4/5 step-20ms              wall   4169ms  cpu   1900ms  task  1105ms  eval  15  cdp  435  reviews 461
rep 4/5 step-raf               wall   3131ms  cpu   1570ms  task   942ms  eval  15  cdp  435  reviews 461
rep 4/5 idle-tight             wall   6544ms  cpu   2500ms  task  1610ms  eval  15  cdp  435  reviews 461
rep 4/5 poll-60ms              wall   7443ms  cpu   2560ms  task  1671ms  eval  15  cdp  435  reviews 461
rep 4/5 shared-context         wall   7436ms  cpu   2600ms  task  1711ms  eval  15  cdp  432  reviews 461
rep 4/5 images-off             wall   7377ms  cpu   2380ms  task  1653ms  eval  15  cdp   50  reviews 461
rep 4/5 stub-off               wall   7419ms  cpu   2600ms  task  1708ms  eval  15  cdp  435  reviews 461
rep 4/5 no-prune-css           wall   7303ms  cpu   2540ms  task  1602ms  eval  15  cdp  435  reviews 461
rep 4/5 no-flatten-shadow      wall   7354ms  cpu   2510ms  task  1620ms  eval  15  cdp  435  reviews 461
rep 4/5 no-minify-css          wall   7449ms  cpu   2550ms  task  1658ms  eval  15  cdp  435  reviews 461
rep 4/5 no-remove-attrs        wall   7475ms  cpu   2690ms  task  1762ms  eval  15  cdp  435  reviews 461
rep 4/5 noindex-bail           wall   7450ms  cpu   2410ms  task  1549ms  eval  15  cdp  435  reviews 461
rep 4/5 tall-plus-raf          wall   2683ms  cpu   1560ms  task   789ms  eval  15  cdp  435  reviews 461
rep 4/5 best-of                wall   1711ms  cpu   1170ms  task   655ms  eval  14  cdp  434  reviews 461
rep 4/5 reduced-motion         wall   7450ms  cpu   2640ms  task  1710ms  eval  15  cdp  436  reviews 461
rep 5/5 baseline               wall   7454ms  cpu   2520ms  task  1648ms  eval  15  cdp  435  reviews 461
rep 5/5 combine-scroll-count   wall   9750ms  cpu   3050ms  task  2021ms  eval  13  cdp  433  reviews 461
rep 5/5 combine-waitfor        wall   7452ms  cpu   2550ms  task  1664ms  eval  14  cdp  434  reviews 461
rep 5/5 combine-tail           wall   7466ms  cpu   2650ms  task  1726ms  eval  14  cdp  435  reviews 461
rep 5/5 install-helpers        wall   7473ms  cpu   2680ms  task  1751ms  eval  15  cdp  436  reviews 461
rep 5/5 combines-all           wall   7462ms  cpu   2500ms  task  1620ms  eval  13  cdp  434  reviews 461
rep 5/5 exists-shortcircuit    wall   7456ms  cpu   2400ms  task  1517ms  eval  15  cdp  435  reviews 461
rep 5/5 native-count           wall   7428ms  cpu   2320ms  task  1469ms  eval  15  cdp  436  reviews 461
rep 5/5 monitor                wall   7432ms  cpu   2320ms  task  1483ms  eval  15  cdp  436  reviews 461
rep 5/5 tall-viewport          wall   3366ms  cpu   1520ms  task   840ms  eval  15  cdp  435  reviews 461
rep 5/5 viewport-2000          wall   4673ms  cpu   2010ms  task  1135ms  eval  15  cdp  435  reviews 461
rep 5/5 viewport-10000         wall   2956ms  cpu   1760ms  task   893ms  eval  15  cdp  435  reviews 461
rep 5/5 viewport-taller-than-page wall   2762ms  cpu   1800ms  task   826ms  eval  15  cdp  435  reviews 461
rep 5/5 step-20ms              wall   4164ms  cpu   1930ms  task  1148ms  eval  15  cdp  435  reviews 461
rep 5/5 step-raf               wall   3137ms  cpu   1630ms  task   984ms  eval  15  cdp  435  reviews 461
rep 5/5 idle-tight             wall   6543ms  cpu   2450ms  task  1585ms  eval  15  cdp  435  reviews 461
rep 5/5 poll-60ms              wall   7445ms  cpu   2600ms  task  1711ms  eval  15  cdp  435  reviews 461
rep 5/5 shared-context         wall   7460ms  cpu   2620ms  task  1728ms  eval  15  cdp  432  reviews 461
rep 5/5 images-off             wall   7394ms  cpu   2360ms  task  1643ms  eval  15  cdp   50  reviews 461
rep 5/5 stub-off               wall   7430ms  cpu   2620ms  task  1734ms  eval  15  cdp  435  reviews 461
rep 5/5 no-prune-css           wall   7302ms  cpu   2500ms  task  1585ms  eval  15  cdp  435  reviews 461
rep 5/5 no-flatten-shadow      wall   7358ms  cpu   2510ms  task  1619ms  eval  15  cdp  435  reviews 461
rep 5/5 no-minify-css          wall   7441ms  cpu   2700ms  task  1758ms  eval  15  cdp  435  reviews 461
rep 5/5 no-remove-attrs        wall   7453ms  cpu   2640ms  task  1722ms  eval  15  cdp  435  reviews 461
rep 5/5 noindex-bail           wall   7422ms  cpu   2610ms  task  1700ms  eval  15  cdp  435  reviews 461
rep 5/5 tall-plus-raf          wall   2681ms  cpu   1560ms  task   797ms  eval  15  cdp  435  reviews 461
rep 5/5 best-of                wall   1759ms  cpu   1200ms  task   685ms  eval  14  cdp  434  reviews 461
rep 5/5 reduced-motion         wall   7443ms  cpu   2650ms  task  1747ms  eval  15  cdp  436  reviews 461

## cost — median of 5 reps (delta vs baseline)

variant                    wall         cpu(tree)    task         task-other   proc-cpu     script     v8compile  devtools    layout     style      settle       scroll       idle         count      gate          postProc    evals      cdp-sent   passes    height        elements    
-------------------------  -----------  -----------  -----------  -----------  -----------  ---------  ---------  ----------  ---------  ---------  -----------  -----------  -----------  ---------  ------------  ----------  ---------  ---------  --------  ------------  ------------
baseline                   7450         2520         1648         1334         2241         21         0          213         46         32         7110         4968         1503         18         23            218         15         435        3         18375         21866       
combine-scroll-count       9754 (+31%)  3050 (+21%)  2021 (+23%)  1697 (+27%)  2727 (+22%)  25 (+19%)  0          215 (+1%)   52 (+13%)  33 (+3%)   9418 (+32%)  0 (-100%)    2005 (+33%)  0 (-100%)  20 (-13%)     222 (+2%)   13 (-13%)  433 (0%)   4 (+33%)  18375 (0%)    21866 (0%)  
combine-waitfor            7449 (0%)    2550 (+1%)   1656 (0%)    1340 (0%)    2253 (+1%)   21 (0%)    0          209 (-2%)   45 (-2%)   33 (+3%)   7106 (0%)    4968 (0%)    1503 (0%)    16 (-11%)  11 (-52%)     216 (-1%)   14 (-7%)   434 (0%)   3 (0%)    18375 (0%)    21866 (0%)  
combine-tail               7466 (0%)    2620 (+4%)   1723 (+5%)   1386 (+4%)   2321 (+4%)   33 (+57%)  0          217 (+2%)   46 (0%)    33 (+3%)   7118 (0%)    4968 (0%)    1503 (0%)    17 (-6%)   23 (0%)       225 (+3%)   14 (-7%)   435 (0%)   3 (0%)    18375 (0%)    21866 (0%)  
install-helpers            7464 (0%)    2640 (+5%)   1751 (+6%)   1418 (+6%)   2353 (+5%)   33 (+57%)  0          217 (+2%)   46 (0%)    34 (+6%)   7117 (0%)    4968 (0%)    1503 (0%)    15 (-17%)  24 (+4%)      223 (+2%)   15 (0%)    436 (0%)   3 (0%)    18375 (0%)    21866 (0%)  
combines-all               7462 (0%)    2510 (0%)    1646 (0%)    1321 (-1%)   2241 (0%)    33 (+57%)  0          214 (0%)    45 (-2%)   34 (+6%)   7105 (0%)    4968 (0%)    1504 (0%)    16 (-11%)  6 (-74%)      225 (+3%)   13 (-13%)  434 (0%)   3 (0%)    18375 (0%)    21866 (0%)  
exists-shortcircuit        7456 (0%)    2510 (0%)    1630 (-1%)   1321 (-1%)   2223 (-1%)   21 (0%)    0          216 (+1%)   46 (0%)    32 (0%)    7120 (0%)    4967 (0%)    1504 (0%)    16 (-11%)  25 (+9%)      218 (0%)    15 (0%)    435 (0%)   3 (0%)    18375 (0%)    21866 (0%)  
native-count               7460 (0%)    2510 (0%)    1662 (+1%)   1348 (+1%)   2239 (0%)    33 (+57%)  0          203 (-5%)   45 (-2%)   33 (+3%)   7102 (0%)    4968 (0%)    1504 (0%)    4 (-78%)   21 (-9%)      222 (+2%)   15 (0%)    436 (0%)   3 (0%)    18375 (0%)    21866 (0%)  
monitor                    7447 (0%)    2490 (-1%)   1632 (-1%)   1309 (-2%)   2218 (-1%)   34 (+62%)  0          208 (-2%)   46 (0%)    34 (+6%)   7088 (0%)    4968 (0%)    1503 (0%)    4 (-78%)   12 (-48%)     235 (+8%)   15 (0%)    436 (0%)   3 (0%)    18375 (0%)    21866 (0%)  
tall-viewport              3381 (-55%)  1560 (-38%)  877 (-47%)   595 (-55%)   1237 (-45%)  10 (-52%)  0          205 (-4%)   35 (-24%)  31 (-3%)   3042 (-57%)  903 (-82%)   1503 (0%)    12 (-33%)  11 (-52%)     218 (0%)    15 (0%)    435 (0%)   3 (0%)    18375 (0%)    21866 (0%)  
viewport-2000              4674 (-37%)  1910 (-24%)  1069 (-35%)  773 (-42%)   1539 (-31%)  14 (-33%)  0          213 (0%)    37 (-20%)  31 (-3%)   4342 (-39%)  2206 (-56%)  1503 (0%)    14 (-22%)  8 (-65%)      223 (+2%)   15 (0%)    435 (0%)   3 (0%)    18375 (0%)    21866 (0%)  
viewport-10000             2956 (-60%)  1740 (-31%)  881 (-47%)   597 (-55%)   1273 (-43%)  9 (-57%)   0          207 (-3%)   35 (-24%)  29 (-9%)   2620 (-63%)  472 (-90%)   1503 (0%)    13 (-28%)  17 (-26%)     217 (0%)    15 (0%)    435 (0%)   3 (0%)    18375 (0%)    21866 (0%)  
viewport-taller-than-page  2762 (-63%)  1770 (-30%)  812 (-51%)   545 (-59%)   1157 (-48%)  9 (-57%)   0          196 (-8%)   34 (-26%)  30 (-6%)   2430 (-66%)  295 (-94%)   1503 (0%)    23 (+28%)  6 (-74%)      214 (-2%)   15 (0%)    435 (0%)   3 (0%)    18375 (0%)    21866 (0%)  
step-20ms                  4164 (-44%)  1930 (-23%)  1127 (-32%)  838 (-37%)   1624 (-28%)  15 (-29%)  0          213 (0%)    36 (-22%)  30 (-6%)   3835 (-46%)  1686 (-66%)  1503 (0%)    26 (+44%)  13 (-43%)     219 (0%)    15 (0%)    435 (0%)   3 (0%)    18375 (0%)    21866 (0%)  
step-raf                   3137 (-58%)  1580 (-37%)  966 (-41%)   679 (-49%)   1341 (-40%)  12 (-43%)  0          212 (0%)    37 (-20%)  30 (-6%)   2795 (-61%)  641 (-87%)   1503 (0%)    25 (+39%)  17 (-26%)     226 (+4%)   15 (0%)    435 (0%)   3 (0%)    18375 (0%)    21866 (0%)  
idle-tight                 6548 (-12%)  2500 (-1%)   1604 (-3%)   1295 (-3%)   2210 (-1%)   20 (-5%)   0          213 (0%)    44 (-4%)   32 (0%)    6213 (-13%)  4968 (0%)    604 (-60%)   17 (-6%)   19 (-17%)     218 (0%)    15 (0%)    435 (0%)   3 (0%)    18375 (0%)    21866 (0%)  
poll-60ms                  7443 (0%)    2560 (+2%)   1671 (+1%)   1362 (+2%)   2275 (+2%)   21 (0%)    0          211 (-1%)   45 (-2%)   32 (0%)    7106 (0%)    4966 (0%)    1503 (0%)    14 (-22%)  18 (-22%)     218 (0%)    15 (0%)    435 (0%)   3 (0%)    18375 (0%)    21866 (0%)  
shared-context             7456 (0%)    2580 (+2%)   1670 (+1%)   1360 (+2%)   2259 (+1%)   21 (0%)    0          214 (0%)    46 (0%)    33 (+3%)   7072 (-1%)   4933 (-1%)   1503 (0%)    14 (-22%)  23 (0%)       222 (+2%)   15 (0%)    432 (-1%)  3 (0%)    18375 (0%)    21866 (0%)  
images-off                 7393 (-1%)   2300 (-9%)   1610 (-2%)   1287 (-4%)   2135 (-5%)   21 (0%)    0          204 (-4%)   49 (+7%)   33 (+3%)   7124 (0%)    4972 (0%)    1503 (0%)    19 (+6%)   22 (-4%)      191 (-12%)  15 (0%)    50 (-89%)  3 (0%)    18358 (0%)    21865 (0%)  
stub-off                   7424 (0%)    2510 (0%)    1669 (+1%)   1357 (+2%)   2216 (-1%)   21 (0%)    0          209 (-2%)   47 (+2%)   33 (+3%)   7109 (0%)    4967 (0%)    1503 (0%)    14 (-22%)  22 (-4%)      216 (-1%)   15 (0%)    435 (0%)   3 (0%)    18358 (0%)    21865 (0%)  
no-prune-css               7301 (-2%)   2400 (-5%)   1531 (-7%)   1373 (+3%)   2120 (-5%)   21 (0%)    0          67 (-69%)   47 (+2%)   23 (-28%)  7112 (0%)    4967 (0%)    1503 (0%)    16 (-11%)  18 (-22%)     76 (-65%)   15 (0%)    435 (0%)   3 (0%)    18375 (0%)    21866 (0%)  
no-flatten-shadow          7356 (-1%)   2450 (-3%)   1562 (-5%)   1347 (+1%)   2124 (-5%)   21 (0%)    0          126 (-41%)  45 (-2%)   23 (-28%)  7116 (0%)    4967 (0%)    1504 (0%)    18 (0%)    14 (-39%)     127 (-42%)  15 (0%)    435 (0%)   3 (0%)    25105 (+37%)  14174 (-35%)
no-minify-css              7449 (0%)    2550 (+1%)   1658 (+1%)   1347 (+1%)   2264 (+1%)   21 (0%)    0          207 (-3%)   45 (-2%)   32 (0%)    7114 (0%)    4967 (0%)    1503 (0%)    13 (-28%)  24 (+4%)      219 (0%)    15 (0%)    435 (0%)   3 (0%)    18375 (0%)    21866 (0%)  
no-remove-attrs            7453 (0%)    2580 (+2%)   1691 (+3%)   1378 (+3%)   2292 (+2%)   22 (+5%)   0          216 (+1%)   46 (0%)    33 (+3%)   7114 (0%)    4967 (0%)    1503 (0%)    15 (-17%)  24 (+4%)      220 (+1%)   15 (0%)    435 (0%)   3 (0%)    18375 (0%)    21866 (0%)  
noindex-bail               7442 (0%)    2460 (-2%)   1606 (-3%)   1295 (-3%)   2186 (-2%)   21 (0%)    0          210 (-1%)   45 (-2%)   32 (0%)    7110 (0%)    4967 (0%)    1503 (0%)    15 (-17%)  19 (-17%)     218 (0%)    15 (0%)    435 (0%)   3 (0%)    18375 (0%)    21866 (0%)  
tall-plus-raf              2681 (-64%)  1560 (-38%)  792 (-52%)   507 (-62%)   1130 (-50%)  10 (-52%)  0          205 (-4%)   37 (-20%)  32 (0%)    2345 (-67%)  202 (-96%)   1503 (0%)    12 (-33%)  19 (-17%)     218 (0%)    15 (0%)    435 (0%)   3 (0%)    18375 (0%)    21866 (0%)  
best-of                    1733 (-77%)  1170 (-54%)  655 (-60%)   387 (-71%)   943 (-58%)   9 (-57%)   0          203 (-5%)   33 (-28%)  29 (-9%)   1395 (-80%)  119 (-98%)   402 (-73%)   6 (-67%)   263 (+1043%)  220 (+1%)   14 (-7%)   434 (0%)   2 (-33%)  18375 (0%)    21866 (0%)  
reduced-motion             7450 (0%)    2610 (+4%)   1690 (+3%)   1375 (+3%)   2309 (+3%)   21 (0%)    0          212 (0%)    46 (0%)    33 (+3%)   7113 (0%)    4967 (0%)    1503 (0%)    17 (-6%)   22 (-4%)      218 (0%)    15 (0%)    436 (0%)   3 (0%)    18375 (0%)    21866 (0%)  

## fidelity — must match baseline, or the cost win is not a win

variant                    reviews  revealed  lazyTiles  imgGated  scrollGated  offers  shadow  bytes  
-------------------------  -------  --------  ---------  --------  -----------  ------  ------  -------
baseline                   461      1         288        1         1            6       1788    945164 
combine-scroll-count       461      1         288        1         1            6       1788    945164 
combine-waitfor            461      1         288        1         1            6       1788    945164 
combine-tail               461      1         288        1         1            6       1788    945164 
install-helpers            461      1         288        1         1            6       1788    945164 
combines-all               461      1         288        1         1            6       1788    945164 
exists-shortcircuit        461      1         288        1         1            6       1788    945164 
native-count               461      1         288        1         1            6       1788    945164 
monitor                    461      1         288        1         1            6       1788    945164 
tall-viewport              461      1         288        1         1            6       1788    945164 
viewport-2000              461      1         288        1         1            6       1788    945164 
viewport-10000             461      1         288        1         1            6       1788    945164 
viewport-taller-than-page  461      1         288        1         1            6       1788    945164 
step-20ms                  461      1         288        1         1            6       1788    945164 
step-raf                   461      1         288        1         1            6       1788    945164 
idle-tight                 461      1         288        1         1            6       1788    945164 
poll-60ms                  461      1         288        1         1            6       1788    945164 
shared-context             461      1         288        1         1            6       1788    945164 
images-off                 461      1         288        0         1            6       1788    945118 
stub-off                   461      1         288        0         1            6       1788    945137 
no-prune-css               461      1         288        1         1            6       1788    1046597
no-flatten-shadow          461      1         288        1         1            6       0       618274 
no-minify-css              461      1         288        1         1            6       1788    945164 
no-remove-attrs            461      1         288        1         1            6       1788    1162180
noindex-bail               461      1         288        1         1            6       1788    945159 
tall-plus-raf              461      1         288        1         1            6       1788    945164 
best-of                    461      1         288        1         1            6       1788    945164 
reduced-motion             461      1         288        1         1            6       1788    945164 

FIDELITY DIVERGENCE  images-off: imgGated 1 -> 0
FIDELITY DIVERGENCE  stub-off: imgGated 1 -> 0
FIDELITY DIVERGENCE  no-flatten-shadow: shadow 1788 -> 0

## baseline CDP methods sent (one representative run, 435 total)

  385  Fetch.fulfillRequest
   15  Runtime.callFunctionOn
    4  Fetch.continueRequest
    2  Target.setAutoAttach
    2  Runtime.runIfWaitingForDebugger
    2  Page.addScriptToEvaluateOnNewDocument
    2  Emulation.setDeviceMetricsOverride
    2  Emulation.setTouchEmulationEnabled
    1  Target.createBrowserContext
    1  Browser.setDownloadBehavior
    1  Target.createTarget
    1  Network.enable
    1  Page.enable
    1  Page.getFrameTree

wrote /private/tmp/prerender-plugin/perf-cdp/bench/render-cpu/results/mobile.json
